Analysis & Synthesis report for projeto_relogio
Mon Oct 07 20:22:36 2019
Quartus Prime Version 17.1.0 Build 590 10/25/2017 SJ Lite Edition


---------------------
; Table of Contents ;
---------------------
  1. Legal Notice
  2. Analysis & Synthesis Summary
  3. Analysis & Synthesis Settings
  4. Parallel Compilation
  5. Analysis & Synthesis Source Files Read
  6. Analysis & Synthesis Resource Usage Summary
  7. Analysis & Synthesis Resource Utilization by Entity
  8. General Register Statistics
  9. Multiplexer Restructuring Statistics (Restructuring Performed)
 10. Parameter Settings for User Entity Instance: Top-level Entity: |relogio
 11. Parameter Settings for User Entity Instance: processador:processador
 12. Parameter Settings for User Entity Instance: processador:processador|ULA:ula
 13. Parameter Settings for User Entity Instance: processador:processador|mux2:mux2
 14. Parameter Settings for User Entity Instance: processador:processador|somadorGenerico:somadorGenerico
 15. Parameter Settings for User Entity Instance: processador:processador|mux2:muxDataOut
 16. Parameter Settings for User Entity Instance: processador:processador|bancoRegistradores:bancoRegistradores
 17. Parameter Settings for User Entity Instance: processador:processador|PC:pc
 18. Parameter Settings for User Entity Instance: rom:rom
 19. Parameter Settings for User Entity Instance: decodificador:decoficador
 20. Parameter Settings for User Entity Instance: hex7seg_top:hex7seg|reg4:reg0
 21. Parameter Settings for User Entity Instance: hex7seg_top:hex7seg|reg4:reg1
 22. Parameter Settings for User Entity Instance: hex7seg_top:hex7seg|reg4:reg2
 23. Parameter Settings for User Entity Instance: hex7seg_top:hex7seg|reg4:reg3
 24. Parameter Settings for User Entity Instance: hex7seg_top:hex7seg|reg4:reg4
 25. Parameter Settings for User Entity Instance: hex7seg_top:hex7seg|reg4:reg5
 26. Parameter Settings for User Entity Instance: divisorGenerico:base_tempo
 27. Port Connectivity Checks: "hex7seg_top:hex7seg|conversorHex7Seg:display5"
 28. Port Connectivity Checks: "hex7seg_top:hex7seg|conversorHex7Seg:display4"
 29. Port Connectivity Checks: "hex7seg_top:hex7seg|conversorHex7Seg:display3"
 30. Port Connectivity Checks: "hex7seg_top:hex7seg|conversorHex7Seg:display2"
 31. Port Connectivity Checks: "hex7seg_top:hex7seg|conversorHex7Seg:display1"
 32. Port Connectivity Checks: "hex7seg_top:hex7seg|conversorHex7Seg:display0"
 33. Port Connectivity Checks: "processador:processador"
 34. Post-Synthesis Netlist Statistics for Top Partition
 35. Elapsed Time Per Partition
 36. Analysis & Synthesis Messages



----------------
; Legal Notice ;
----------------
Copyright (C) 2017  Intel Corporation. All rights reserved.
Your use of Intel Corporation's design tools, logic functions 
and other software and tools, and its AMPP partner logic 
functions, and any output files from any of the foregoing 
(including device programming or simulation files), and any 
associated documentation or information are expressly subject 
to the terms and conditions of the Intel Program License 
Subscription Agreement, the Intel Quartus Prime License Agreement,
the Intel FPGA IP License Agreement, or other applicable license
agreement, including, without limitation, that your use is for
the sole purpose of programming logic devices manufactured by
Intel and sold by Intel or its authorized distributors.  Please
refer to the applicable agreement for further details.



+----------------------------------------------------------------------------------+
; Analysis & Synthesis Summary                                                     ;
+------------------------------------+---------------------------------------------+
; Analysis & Synthesis Status        ; Successful - Mon Oct 07 20:22:36 2019       ;
; Quartus Prime Version              ; 17.1.0 Build 590 10/25/2017 SJ Lite Edition ;
; Revision Name                      ; projeto_relogio                             ;
; Top-level Entity Name              ; relogio                                     ;
; Family                             ; Cyclone IV E                                ;
; Total logic elements               ; 431                                         ;
;     Total combinational functions  ; 351                                         ;
;     Dedicated logic registers      ; 128                                         ;
; Total registers                    ; 128                                         ;
; Total pins                         ; 65                                          ;
; Total virtual pins                 ; 0                                           ;
; Total memory bits                  ; 0                                           ;
; Embedded Multiplier 9-bit elements ; 0                                           ;
; Total PLLs                         ; 0                                           ;
+------------------------------------+---------------------------------------------+


+----------------------------------------------------------------------------------------------------------------------+
; Analysis & Synthesis Settings                                                                                        ;
+----------------------------------------------------------------------------+--------------------+--------------------+
; Option                                                                     ; Setting            ; Default Value      ;
+----------------------------------------------------------------------------+--------------------+--------------------+
; Device                                                                     ; EP4CE115F29C7      ;                    ;
; Top-level entity name                                                      ; relogio            ; projeto_relogio    ;
; Family name                                                                ; Cyclone IV E       ; Cyclone V          ;
; Maximum processors allowed for parallel compilation                        ; 2                  ;                    ;
; VHDL Show LMF Mapping Messages                                             ; Off                ;                    ;
; VHDL Version                                                               ; VHDL_2008          ; VHDL_1993          ;
; Use smart compilation                                                      ; Off                ; Off                ;
; Enable parallel Assembler and TimeQuest Timing Analyzer during compilation ; On                 ; On                 ;
; Enable compact report table                                                ; Off                ; Off                ;
; Restructure Multiplexers                                                   ; Auto               ; Auto               ;
; Create Debugging Nodes for IP Cores                                        ; Off                ; Off                ;
; Preserve fewer node names                                                  ; On                 ; On                 ;
; Intel FPGA IP Evaluation Mode                                              ; Enable             ; Enable             ;
; Verilog Version                                                            ; Verilog_2001       ; Verilog_2001       ;
; State Machine Processing                                                   ; Auto               ; Auto               ;
; Safe State Machine                                                         ; Off                ; Off                ;
; Extract Verilog State Machines                                             ; On                 ; On                 ;
; Extract VHDL State Machines                                                ; On                 ; On                 ;
; Ignore Verilog initial constructs                                          ; Off                ; Off                ;
; Iteration limit for constant Verilog loops                                 ; 5000               ; 5000               ;
; Iteration limit for non-constant Verilog loops                             ; 250                ; 250                ;
; Add Pass-Through Logic to Inferred RAMs                                    ; On                 ; On                 ;
; Infer RAMs from Raw Logic                                                  ; On                 ; On                 ;
; Parallel Synthesis                                                         ; On                 ; On                 ;
; DSP Block Balancing                                                        ; Auto               ; Auto               ;
; NOT Gate Push-Back                                                         ; On                 ; On                 ;
; Power-Up Don't Care                                                        ; On                 ; On                 ;
; Remove Redundant Logic Cells                                               ; Off                ; Off                ;
; Remove Duplicate Registers                                                 ; On                 ; On                 ;
; Ignore CARRY Buffers                                                       ; Off                ; Off                ;
; Ignore CASCADE Buffers                                                     ; Off                ; Off                ;
; Ignore GLOBAL Buffers                                                      ; Off                ; Off                ;
; Ignore ROW GLOBAL Buffers                                                  ; Off                ; Off                ;
; Ignore LCELL Buffers                                                       ; Off                ; Off                ;
; Ignore SOFT Buffers                                                        ; On                 ; On                 ;
; Limit AHDL Integers to 32 Bits                                             ; Off                ; Off                ;
; Optimization Technique                                                     ; Balanced           ; Balanced           ;
; Carry Chain Length                                                         ; 70                 ; 70                 ;
; Auto Carry Chains                                                          ; On                 ; On                 ;
; Auto Open-Drain Pins                                                       ; On                 ; On                 ;
; Perform WYSIWYG Primitive Resynthesis                                      ; Off                ; Off                ;
; Auto ROM Replacement                                                       ; On                 ; On                 ;
; Auto RAM Replacement                                                       ; On                 ; On                 ;
; Auto DSP Block Replacement                                                 ; On                 ; On                 ;
; Auto Shift Register Replacement                                            ; Auto               ; Auto               ;
; Allow Shift Register Merging across Hierarchies                            ; Auto               ; Auto               ;
; Auto Clock Enable Replacement                                              ; On                 ; On                 ;
; Strict RAM Replacement                                                     ; Off                ; Off                ;
; Allow Synchronous Control Signals                                          ; On                 ; On                 ;
; Force Use of Synchronous Clear Signals                                     ; Off                ; Off                ;
; Auto RAM Block Balancing                                                   ; On                 ; On                 ;
; Auto RAM to Logic Cell Conversion                                          ; Off                ; Off                ;
; Auto Resource Sharing                                                      ; Off                ; Off                ;
; Allow Any RAM Size For Recognition                                         ; Off                ; Off                ;
; Allow Any ROM Size For Recognition                                         ; Off                ; Off                ;
; Allow Any Shift Register Size For Recognition                              ; Off                ; Off                ;
; Use LogicLock Constraints during Resource Balancing                        ; On                 ; On                 ;
; Ignore translate_off and synthesis_off directives                          ; Off                ; Off                ;
; Timing-Driven Synthesis                                                    ; On                 ; On                 ;
; Report Parameter Settings                                                  ; On                 ; On                 ;
; Report Source Assignments                                                  ; On                 ; On                 ;
; Report Connectivity Checks                                                 ; On                 ; On                 ;
; Ignore Maximum Fan-Out Assignments                                         ; Off                ; Off                ;
; Synchronization Register Chain Length                                      ; 2                  ; 2                  ;
; Power Optimization During Synthesis                                        ; Normal compilation ; Normal compilation ;
; HDL message level                                                          ; Level2             ; Level2             ;
; Suppress Register Optimization Related Messages                            ; Off                ; Off                ;
; Number of Removed Registers Reported in Synthesis Report                   ; 5000               ; 5000               ;
; Number of Swept Nodes Reported in Synthesis Report                         ; 5000               ; 5000               ;
; Number of Inverted Registers Reported in Synthesis Report                  ; 100                ; 100                ;
; Clock MUX Protection                                                       ; On                 ; On                 ;
; Auto Gated Clock Conversion                                                ; Off                ; Off                ;
; Block Design Naming                                                        ; Auto               ; Auto               ;
; SDC constraint protection                                                  ; Off                ; Off                ;
; Synthesis Effort                                                           ; Auto               ; Auto               ;
; Shift Register Replacement - Allow Asynchronous Clear Signal               ; On                 ; On                 ;
; Pre-Mapping Resynthesis Optimization                                       ; Off                ; Off                ;
; Analysis & Synthesis Message Level                                         ; Medium             ; Medium             ;
; Disable Register Merging Across Hierarchies                                ; Auto               ; Auto               ;
; Resource Aware Inference For Block RAM                                     ; On                 ; On                 ;
+----------------------------------------------------------------------------+--------------------+--------------------+


+------------------------------------------+
; Parallel Compilation                     ;
+----------------------------+-------------+
; Processors                 ; Number      ;
+----------------------------+-------------+
; Number detected on machine ; 8           ;
; Maximum allowed            ; 2           ;
;                            ;             ;
; Average used               ; 1.00        ;
; Maximum used               ; 2           ;
;                            ;             ;
; Usage by Processor         ; % Time Used ;
;     Processor 1            ; 100.0%      ;
;     Processor 2            ;   0.0%      ;
+----------------------------+-------------+


+---------------------------------------------------------------------------------------------------------------------------------------------------------------+
; Analysis & Synthesis Source Files Read                                                                                                                        ;
+----------------------------------+-----------------+-----------------+------------------------------------------------------------------------------+---------+
; File Name with User-Entered Path ; Used in Netlist ; File Type       ; File Name with Absolute Path                                                 ; Library ;
+----------------------------------+-----------------+-----------------+------------------------------------------------------------------------------+---------+
; relogio.vhd                      ; yes             ; User VHDL File  ; C:/Users/hugoc/Desktop/Insper/descomp/projeto_relogio/relogio.vhd            ;         ;
; pc.vhd                           ; yes             ; User VHDL File  ; C:/Users/hugoc/Desktop/Insper/descomp/projeto_relogio/pc.vhd                 ;         ;
; mux3.vhd                         ; yes             ; User VHDL File  ; C:/Users/hugoc/Desktop/Insper/descomp/projeto_relogio/mux3.vhd               ;         ;
; decodificador.vhd                ; yes             ; User VHDL File  ; C:/Users/hugoc/Desktop/Insper/descomp/projeto_relogio/decodificador.vhd      ;         ;
; processador.vhd                  ; yes             ; User VHDL File  ; C:/Users/hugoc/Desktop/Insper/descomp/projeto_relogio/processador.vhd        ;         ;
; rom.vhd                          ; yes             ; User VHDL File  ; C:/Users/hugoc/Desktop/Insper/descomp/projeto_relogio/rom.vhd                ;         ;
; ula.vhd                          ; yes             ; User VHDL File  ; C:/Users/hugoc/Desktop/Insper/descomp/projeto_relogio/ula.vhd                ;         ;
; divisorGenerico.vhd              ; yes             ; User VHDL File  ; C:/Users/hugoc/Desktop/Insper/descomp/projeto_relogio/divisorGenerico.vhd    ;         ;
; somadorGenerico.vhd              ; yes             ; User VHDL File  ; C:/Users/hugoc/Desktop/Insper/descomp/projeto_relogio/somadorGenerico.vhd    ;         ;
; mux2.vhd                         ; yes             ; User VHDL File  ; C:/Users/hugoc/Desktop/Insper/descomp/projeto_relogio/mux2.vhd               ;         ;
; bancoRegistradores.vhd           ; yes             ; User VHDL File  ; C:/Users/hugoc/Desktop/Insper/descomp/projeto_relogio/bancoRegistradores.vhd ;         ;
; conversorHex7Seg.vhd             ; yes             ; User VHDL File  ; C:/Users/hugoc/Desktop/Insper/descomp/projeto_relogio/conversorHex7Seg.vhd   ;         ;
; uc.vhd                           ; yes             ; User VHDL File  ; C:/Users/hugoc/Desktop/Insper/descomp/projeto_relogio/uc.vhd                 ;         ;
; hex7seg_top.vhd                  ; yes             ; User VHDL File  ; C:/Users/hugoc/Desktop/Insper/descomp/projeto_relogio/hex7seg_top.vhd        ;         ;
; botoes.vhd                       ; yes             ; User VHDL File  ; C:/Users/hugoc/Desktop/Insper/descomp/projeto_relogio/botoes.vhd             ;         ;
; reg4.vhd                         ; yes             ; User VHDL File  ; C:/Users/hugoc/Desktop/Insper/descomp/projeto_relogio/reg4.vhd               ;         ;
+----------------------------------+-----------------+-----------------+------------------------------------------------------------------------------+---------+


+--------------------------------------------------------------+
; Analysis & Synthesis Resource Usage Summary                  ;
+---------------------------------------------+----------------+
; Resource                                    ; Usage          ;
+---------------------------------------------+----------------+
; Estimated Total logic elements              ; 431            ;
;                                             ;                ;
; Total combinational functions               ; 351            ;
; Logic element usage by number of LUT inputs ;                ;
;     -- 4 input functions                    ; 259            ;
;     -- 3 input functions                    ; 37             ;
;     -- <=2 input functions                  ; 55             ;
;                                             ;                ;
; Logic elements by mode                      ;                ;
;     -- normal mode                          ; 312            ;
;     -- arithmetic mode                      ; 39             ;
;                                             ;                ;
; Total registers                             ; 128            ;
;     -- Dedicated logic registers            ; 128            ;
;     -- I/O registers                        ; 0              ;
;                                             ;                ;
; I/O pins                                    ; 65             ;
;                                             ;                ;
; Embedded Multiplier 9-bit elements          ; 0              ;
;                                             ;                ;
; Maximum fan-out node                        ; CLOCK_50~input ;
; Maximum fan-out                             ; 128            ;
; Total fan-out                               ; 1771           ;
; Average fan-out                             ; 2.91           ;
+---------------------------------------------+----------------+


+---------------------------------------------------------------------------------------------------------------------------------------------------------------------------------------------------------------------------------------------------------------------------------------+
; Analysis & Synthesis Resource Utilization by Entity                                                                                                                                                                                                                                   ;
+-----------------------------------------------+---------------------+---------------------------+-------------+--------------+---------+-----------+------+--------------+------------------------------------------------------------------------+--------------------+--------------+
; Compilation Hierarchy Node                    ; Combinational ALUTs ; Dedicated Logic Registers ; Memory Bits ; DSP Elements ; DSP 9x9 ; DSP 18x18 ; Pins ; Virtual Pins ; Full Hierarchy Name                                                    ; Entity Name        ; Library Name ;
+-----------------------------------------------+---------------------+---------------------------+-------------+--------------+---------+-----------+------+--------------+------------------------------------------------------------------------+--------------------+--------------+
; |relogio                                      ; 351 (1)             ; 128 (0)                   ; 0           ; 0            ; 0       ; 0         ; 65   ; 0            ; |relogio                                                               ; relogio            ; work         ;
;    |botoes:botoes|                            ; 0 (0)               ; 4 (4)                     ; 0           ; 0            ; 0       ; 0         ; 0    ; 0            ; |relogio|botoes:botoes                                                 ; botoes             ; work         ;
;    |decodificador:decoficador|                ; 8 (8)               ; 0 (0)                     ; 0           ; 0            ; 0       ; 0         ; 0    ; 0            ; |relogio|decodificador:decoficador                                     ; decodificador      ; work         ;
;    |divisorGenerico:base_tempo|               ; 40 (40)             ; 27 (27)                   ; 0           ; 0            ; 0       ; 0         ; 0    ; 0            ; |relogio|divisorGenerico:base_tempo                                    ; divisorGenerico    ; work         ;
;    |hex7seg_top:hex7seg|                      ; 42 (0)              ; 24 (0)                    ; 0           ; 0            ; 0       ; 0         ; 0    ; 0            ; |relogio|hex7seg_top:hex7seg                                           ; hex7seg_top        ; work         ;
;       |conversorHex7Seg:display0|             ; 7 (7)               ; 0 (0)                     ; 0           ; 0            ; 0       ; 0         ; 0    ; 0            ; |relogio|hex7seg_top:hex7seg|conversorHex7Seg:display0                 ; conversorHex7Seg   ; work         ;
;       |conversorHex7Seg:display1|             ; 7 (7)               ; 0 (0)                     ; 0           ; 0            ; 0       ; 0         ; 0    ; 0            ; |relogio|hex7seg_top:hex7seg|conversorHex7Seg:display1                 ; conversorHex7Seg   ; work         ;
;       |conversorHex7Seg:display2|             ; 7 (7)               ; 0 (0)                     ; 0           ; 0            ; 0       ; 0         ; 0    ; 0            ; |relogio|hex7seg_top:hex7seg|conversorHex7Seg:display2                 ; conversorHex7Seg   ; work         ;
;       |conversorHex7Seg:display3|             ; 7 (7)               ; 0 (0)                     ; 0           ; 0            ; 0       ; 0         ; 0    ; 0            ; |relogio|hex7seg_top:hex7seg|conversorHex7Seg:display3                 ; conversorHex7Seg   ; work         ;
;       |conversorHex7Seg:display4|             ; 7 (7)               ; 0 (0)                     ; 0           ; 0            ; 0       ; 0         ; 0    ; 0            ; |relogio|hex7seg_top:hex7seg|conversorHex7Seg:display4                 ; conversorHex7Seg   ; work         ;
;       |conversorHex7Seg:display5|             ; 7 (7)               ; 0 (0)                     ; 0           ; 0            ; 0       ; 0         ; 0    ; 0            ; |relogio|hex7seg_top:hex7seg|conversorHex7Seg:display5                 ; conversorHex7Seg   ; work         ;
;       |reg4:reg0|                             ; 0 (0)               ; 4 (4)                     ; 0           ; 0            ; 0       ; 0         ; 0    ; 0            ; |relogio|hex7seg_top:hex7seg|reg4:reg0                                 ; reg4               ; work         ;
;       |reg4:reg1|                             ; 0 (0)               ; 4 (4)                     ; 0           ; 0            ; 0       ; 0         ; 0    ; 0            ; |relogio|hex7seg_top:hex7seg|reg4:reg1                                 ; reg4               ; work         ;
;       |reg4:reg2|                             ; 0 (0)               ; 4 (4)                     ; 0           ; 0            ; 0       ; 0         ; 0    ; 0            ; |relogio|hex7seg_top:hex7seg|reg4:reg2                                 ; reg4               ; work         ;
;       |reg4:reg3|                             ; 0 (0)               ; 4 (4)                     ; 0           ; 0            ; 0       ; 0         ; 0    ; 0            ; |relogio|hex7seg_top:hex7seg|reg4:reg3                                 ; reg4               ; work         ;
;       |reg4:reg4|                             ; 0 (0)               ; 4 (4)                     ; 0           ; 0            ; 0       ; 0         ; 0    ; 0            ; |relogio|hex7seg_top:hex7seg|reg4:reg4                                 ; reg4               ; work         ;
;       |reg4:reg5|                             ; 0 (0)               ; 4 (4)                     ; 0           ; 0            ; 0       ; 0         ; 0    ; 0            ; |relogio|hex7seg_top:hex7seg|reg4:reg5                                 ; reg4               ; work         ;
;    |processador:processador|                  ; 132 (0)             ; 73 (0)                    ; 0           ; 0            ; 0       ; 0         ; 0    ; 0            ; |relogio|processador:processador                                       ; processador        ; work         ;
;       |PC:pc|                                 ; 8 (8)               ; 8 (8)                     ; 0           ; 0            ; 0       ; 0         ; 0    ; 0            ; |relogio|processador:processador|PC:pc                                 ; PC                 ; work         ;
;       |ULA:ula|                               ; 33 (33)             ; 1 (1)                     ; 0           ; 0            ; 0       ; 0         ; 0    ; 0            ; |relogio|processador:processador|ULA:ula                               ; ULA                ; work         ;
;       |bancoRegistradores:bancoRegistradores| ; 56 (56)             ; 64 (64)                   ; 0           ; 0            ; 0       ; 0         ; 0    ; 0            ; |relogio|processador:processador|bancoRegistradores:bancoRegistradores ; bancoRegistradores ; work         ;
;       |mux2:muxDataOut|                       ; 4 (4)               ; 0 (0)                     ; 0           ; 0            ; 0       ; 0         ; 0    ; 0            ; |relogio|processador:processador|mux2:muxDataOut                       ; mux2               ; work         ;
;       |mux3:mux3|                             ; 23 (23)             ; 0 (0)                     ; 0           ; 0            ; 0       ; 0         ; 0    ; 0            ; |relogio|processador:processador|mux3:mux3                             ; mux3               ; work         ;
;       |uc:uc|                                 ; 8 (8)               ; 0 (0)                     ; 0           ; 0            ; 0       ; 0         ; 0    ; 0            ; |relogio|processador:processador|uc:uc                                 ; uc                 ; work         ;
;    |rom:rom|                                  ; 128 (128)           ; 0 (0)                     ; 0           ; 0            ; 0       ; 0         ; 0    ; 0            ; |relogio|rom:rom                                                       ; rom                ; work         ;
+-----------------------------------------------+---------------------+---------------------------+-------------+--------------+---------+-----------+------+--------------+------------------------------------------------------------------------+--------------------+--------------+
Note: For table entries with two numbers listed, the numbers in parentheses indicate the number of resources of the given type used by the specific entity alone. The numbers listed outside of parentheses indicate the total resources of the given type used by the specific entity and all of its sub-entities in the hierarchy.


+------------------------------------------------------+
; General Register Statistics                          ;
+----------------------------------------------+-------+
; Statistic                                    ; Value ;
+----------------------------------------------+-------+
; Total registers                              ; 128   ;
; Number of registers using Synchronous Clear  ; 26    ;
; Number of registers using Synchronous Load   ; 8     ;
; Number of registers using Asynchronous Clear ; 0     ;
; Number of registers using Asynchronous Load  ; 0     ;
; Number of registers using Clock Enable       ; 114   ;
; Number of registers using Preset             ; 0     ;
+----------------------------------------------+-------+


+---------------------------------------------------------------------------------------------------------------------------------------------------------------+
; Multiplexer Restructuring Statistics (Restructuring Performed)                                                                                                ;
+--------------------+-----------+---------------+----------------------+------------------------+------------+-------------------------------------------------+
; Multiplexer Inputs ; Bus Width ; Baseline Area ; Area if Restructured ; Saving if Restructured ; Registered ; Example Multiplexer Output                      ;
+--------------------+-----------+---------------+----------------------+------------------------+------------+-------------------------------------------------+
; 3:1                ; 26 bits   ; 52 LEs        ; 26 LEs               ; 26 LEs                 ; Yes        ; |relogio|divisorGenerico:base_tempo|contador[8] ;
; 4:1                ; 2 bits    ; 4 LEs         ; 4 LEs                ; 0 LEs                  ; No         ; |relogio|processador:processador|mux3:mux3|Mux2 ;
; 3:1                ; 8 bits    ; 16 LEs        ; 16 LEs               ; 0 LEs                  ; No         ; |relogio|processador:processador|ULA:ula|Mux3   ;
; 5:1                ; 4 bits    ; 12 LEs        ; 8 LEs                ; 4 LEs                  ; No         ; |relogio|processador:processador|mux3:mux3|Mux4 ;
+--------------------+-----------+---------------+----------------------+------------------------+------------+-------------------------------------------------+


+-------------------------------------------------------------------------+
; Parameter Settings for User Entity Instance: Top-level Entity: |relogio ;
+----------------+-------+------------------------------------------------+
; Parameter Name ; Value ; Type                                           ;
+----------------+-------+------------------------------------------------+
; word           ; 21    ; Signed Integer                                 ;
; dados          ; 8     ; Signed Integer                                 ;
; addr_width     ; 8     ; Signed Integer                                 ;
+----------------+-------+------------------------------------------------+
Note: In order to hide this table in the UI and the text report file, please set the "Show Parameter Settings in Synthesis Report" option in "Analysis and Synthesis Settings -> More Settings" to "Off".


+----------------------------------------------------------------------+
; Parameter Settings for User Entity Instance: processador:processador ;
+----------------+-------+---------------------------------------------+
; Parameter Name ; Value ; Type                                        ;
+----------------+-------+---------------------------------------------+
; rom_data_width ; 21    ; Signed Integer                              ;
; addr_width     ; 8     ; Signed Integer                              ;
; data_width     ; 8     ; Signed Integer                              ;
; rom_addr_w     ; 8     ; Signed Integer                              ;
+----------------+-------+---------------------------------------------+
Note: In order to hide this table in the UI and the text report file, please set the "Show Parameter Settings in Synthesis Report" option in "Analysis and Synthesis Settings -> More Settings" to "Off".


+------------------------------------------------------------------------------+
; Parameter Settings for User Entity Instance: processador:processador|ULA:ula ;
+----------------+-------+-----------------------------------------------------+
; Parameter Name ; Value ; Type                                                ;
+----------------+-------+-----------------------------------------------------+
; addr           ; 8     ; Signed Integer                                      ;
; op_code        ; 2     ; Signed Integer                                      ;
+----------------+-------+-----------------------------------------------------+
Note: In order to hide this table in the UI and the text report file, please set the "Show Parameter Settings in Synthesis Report" option in "Analysis and Synthesis Settings -> More Settings" to "Off".


+--------------------------------------------------------------------------------+
; Parameter Settings for User Entity Instance: processador:processador|mux2:mux2 ;
+----------------+-------+-------------------------------------------------------+
; Parameter Name ; Value ; Type                                                  ;
+----------------+-------+-------------------------------------------------------+
; data_width     ; 8     ; Signed Integer                                        ;
+----------------+-------+-------------------------------------------------------+
Note: In order to hide this table in the UI and the text report file, please set the "Show Parameter Settings in Synthesis Report" option in "Analysis and Synthesis Settings -> More Settings" to "Off".


+------------------------------------------------------------------------------------------------------+
; Parameter Settings for User Entity Instance: processador:processador|somadorGenerico:somadorGenerico ;
+----------------+-------+-----------------------------------------------------------------------------+
; Parameter Name ; Value ; Type                                                                        ;
+----------------+-------+-----------------------------------------------------------------------------+
; larguradados   ; 8     ; Signed Integer                                                              ;
+----------------+-------+-----------------------------------------------------------------------------+
Note: In order to hide this table in the UI and the text report file, please set the "Show Parameter Settings in Synthesis Report" option in "Analysis and Synthesis Settings -> More Settings" to "Off".


+--------------------------------------------------------------------------------------+
; Parameter Settings for User Entity Instance: processador:processador|mux2:muxDataOut ;
+----------------+-------+-------------------------------------------------------------+
; Parameter Name ; Value ; Type                                                        ;
+----------------+-------+-------------------------------------------------------------+
; data_width     ; 8     ; Signed Integer                                              ;
+----------------+-------+-------------------------------------------------------------+
Note: In order to hide this table in the UI and the text report file, please set the "Show Parameter Settings in Synthesis Report" option in "Analysis and Synthesis Settings -> More Settings" to "Off".


+------------------------------------------------------------------------------------------------------------+
; Parameter Settings for User Entity Instance: processador:processador|bancoRegistradores:bancoRegistradores ;
+---------------------+-------+------------------------------------------------------------------------------+
; Parameter Name      ; Value ; Type                                                                         ;
+---------------------+-------+------------------------------------------------------------------------------+
; larguradados        ; 8     ; Signed Integer                                                               ;
; larguraendbancoregs ; 3     ; Signed Integer                                                               ;
+---------------------+-------+------------------------------------------------------------------------------+
Note: In order to hide this table in the UI and the text report file, please set the "Show Parameter Settings in Synthesis Report" option in "Analysis and Synthesis Settings -> More Settings" to "Off".


+----------------------------------------------------------------------------+
; Parameter Settings for User Entity Instance: processador:processador|PC:pc ;
+----------------+-------+---------------------------------------------------+
; Parameter Name ; Value ; Type                                              ;
+----------------+-------+---------------------------------------------------+
; addr           ; 8     ; Signed Integer                                    ;
+----------------+-------+---------------------------------------------------+
Note: In order to hide this table in the UI and the text report file, please set the "Show Parameter Settings in Synthesis Report" option in "Analysis and Synthesis Settings -> More Settings" to "Off".


+------------------------------------------------------+
; Parameter Settings for User Entity Instance: rom:rom ;
+----------------+-------+-----------------------------+
; Parameter Name ; Value ; Type                        ;
+----------------+-------+-----------------------------+
; data_width     ; 21    ; Signed Integer              ;
; addr_width     ; 8     ; Signed Integer              ;
+----------------+-------+-----------------------------+
Note: In order to hide this table in the UI and the text report file, please set the "Show Parameter Settings in Synthesis Report" option in "Analysis and Synthesis Settings -> More Settings" to "Off".


+------------------------------------------------------------------------+
; Parameter Settings for User Entity Instance: decodificador:decoficador ;
+----------------+-------+-----------------------------------------------+
; Parameter Name ; Value ; Type                                          ;
+----------------+-------+-----------------------------------------------+
; largura        ; 8     ; Signed Integer                                ;
+----------------+-------+-----------------------------------------------+
Note: In order to hide this table in the UI and the text report file, please set the "Show Parameter Settings in Synthesis Report" option in "Analysis and Synthesis Settings -> More Settings" to "Off".


+----------------------------------------------------------------------------+
; Parameter Settings for User Entity Instance: hex7seg_top:hex7seg|reg4:reg0 ;
+----------------+-------+---------------------------------------------------+
; Parameter Name ; Value ; Type                                              ;
+----------------+-------+---------------------------------------------------+
; data           ; 4     ; Signed Integer                                    ;
+----------------+-------+---------------------------------------------------+
Note: In order to hide this table in the UI and the text report file, please set the "Show Parameter Settings in Synthesis Report" option in "Analysis and Synthesis Settings -> More Settings" to "Off".


+----------------------------------------------------------------------------+
; Parameter Settings for User Entity Instance: hex7seg_top:hex7seg|reg4:reg1 ;
+----------------+-------+---------------------------------------------------+
; Parameter Name ; Value ; Type                                              ;
+----------------+-------+---------------------------------------------------+
; data           ; 4     ; Signed Integer                                    ;
+----------------+-------+---------------------------------------------------+
Note: In order to hide this table in the UI and the text report file, please set the "Show Parameter Settings in Synthesis Report" option in "Analysis and Synthesis Settings -> More Settings" to "Off".


+----------------------------------------------------------------------------+
; Parameter Settings for User Entity Instance: hex7seg_top:hex7seg|reg4:reg2 ;
+----------------+-------+---------------------------------------------------+
; Parameter Name ; Value ; Type                                              ;
+----------------+-------+---------------------------------------------------+
; data           ; 4     ; Signed Integer                                    ;
+----------------+-------+---------------------------------------------------+
Note: In order to hide this table in the UI and the text report file, please set the "Show Parameter Settings in Synthesis Report" option in "Analysis and Synthesis Settings -> More Settings" to "Off".


+----------------------------------------------------------------------------+
; Parameter Settings for User Entity Instance: hex7seg_top:hex7seg|reg4:reg3 ;
+----------------+-------+---------------------------------------------------+
; Parameter Name ; Value ; Type                                              ;
+----------------+-------+---------------------------------------------------+
; data           ; 4     ; Signed Integer                                    ;
+----------------+-------+---------------------------------------------------+
Note: In order to hide this table in the UI and the text report file, please set the "Show Parameter Settings in Synthesis Report" option in "Analysis and Synthesis Settings -> More Settings" to "Off".


+----------------------------------------------------------------------------+
; Parameter Settings for User Entity Instance: hex7seg_top:hex7seg|reg4:reg4 ;
+----------------+-------+---------------------------------------------------+
; Parameter Name ; Value ; Type                                              ;
+----------------+-------+---------------------------------------------------+
; data           ; 4     ; Signed Integer                                    ;
+----------------+-------+---------------------------------------------------+
Note: In order to hide this table in the UI and the text report file, please set the "Show Parameter Settings in Synthesis Report" option in "Analysis and Synthesis Settings -> More Settings" to "Off".


+----------------------------------------------------------------------------+
; Parameter Settings for User Entity Instance: hex7seg_top:hex7seg|reg4:reg5 ;
+----------------+-------+---------------------------------------------------+
; Parameter Name ; Value ; Type                                              ;
+----------------+-------+---------------------------------------------------+
; data           ; 4     ; Signed Integer                                    ;
+----------------+-------+---------------------------------------------------+
Note: In order to hide this table in the UI and the text report file, please set the "Show Parameter Settings in Synthesis Report" option in "Analysis and Synthesis Settings -> More Settings" to "Off".


+-------------------------------------------------------------------------+
; Parameter Settings for User Entity Instance: divisorGenerico:base_tempo ;
+----------------+----------+---------------------------------------------+
; Parameter Name ; Value    ; Type                                        ;
+----------------+----------+---------------------------------------------+
; v_normal       ; 50000000 ; Signed Integer                              ;
+----------------+----------+---------------------------------------------+
Note: In order to hide this table in the UI and the text report file, please set the "Show Parameter Settings in Synthesis Report" option in "Analysis and Synthesis Settings -> More Settings" to "Off".


+---------------------------------------------------------------------------+
; Port Connectivity Checks: "hex7seg_top:hex7seg|conversorHex7Seg:display5" ;
+----------+-------+----------+---------------------------------------------+
; Port     ; Type  ; Severity ; Details                                     ;
+----------+-------+----------+---------------------------------------------+
; apaga    ; Input ; Info     ; Stuck at GND                                ;
; negativo ; Input ; Info     ; Stuck at GND                                ;
; overflow ; Input ; Info     ; Stuck at GND                                ;
+----------+-------+----------+---------------------------------------------+


+---------------------------------------------------------------------------+
; Port Connectivity Checks: "hex7seg_top:hex7seg|conversorHex7Seg:display4" ;
+----------+-------+----------+---------------------------------------------+
; Port     ; Type  ; Severity ; Details                                     ;
+----------+-------+----------+---------------------------------------------+
; apaga    ; Input ; Info     ; Stuck at GND                                ;
; negativo ; Input ; Info     ; Stuck at GND                                ;
; overflow ; Input ; Info     ; Stuck at GND                                ;
+----------+-------+----------+---------------------------------------------+


+---------------------------------------------------------------------------+
; Port Connectivity Checks: "hex7seg_top:hex7seg|conversorHex7Seg:display3" ;
+----------+-------+----------+---------------------------------------------+
; Port     ; Type  ; Severity ; Details                                     ;
+----------+-------+----------+---------------------------------------------+
; apaga    ; Input ; Info     ; Stuck at GND                                ;
; negativo ; Input ; Info     ; Stuck at GND                                ;
; overflow ; Input ; Info     ; Stuck at GND                                ;
+----------+-------+----------+---------------------------------------------+


+---------------------------------------------------------------------------+
; Port Connectivity Checks: "hex7seg_top:hex7seg|conversorHex7Seg:display2" ;
+----------+-------+----------+---------------------------------------------+
; Port     ; Type  ; Severity ; Details                                     ;
+----------+-------+----------+---------------------------------------------+
; apaga    ; Input ; Info     ; Stuck at GND                                ;
; negativo ; Input ; Info     ; Stuck at GND                                ;
; overflow ; Input ; Info     ; Stuck at GND                                ;
+----------+-------+----------+---------------------------------------------+


+---------------------------------------------------------------------------+
; Port Connectivity Checks: "hex7seg_top:hex7seg|conversorHex7Seg:display1" ;
+----------+-------+----------+---------------------------------------------+
; Port     ; Type  ; Severity ; Details                                     ;
+----------+-------+----------+---------------------------------------------+
; apaga    ; Input ; Info     ; Stuck at GND                                ;
; negativo ; Input ; Info     ; Stuck at GND                                ;
; overflow ; Input ; Info     ; Stuck at GND                                ;
+----------+-------+----------+---------------------------------------------+


+---------------------------------------------------------------------------+
; Port Connectivity Checks: "hex7seg_top:hex7seg|conversorHex7Seg:display0" ;
+----------+-------+----------+---------------------------------------------+
; Port     ; Type  ; Severity ; Details                                     ;
+----------+-------+----------+---------------------------------------------+
; apaga    ; Input ; Info     ; Stuck at GND                                ;
; negativo ; Input ; Info     ; Stuck at GND                                ;
; overflow ; Input ; Info     ; Stuck at GND                                ;
+----------+-------+----------+---------------------------------------------+


+-------------------------------------------------------------------------------------------------------------------------+
; Port Connectivity Checks: "processador:processador"                                                                     ;
+---------------+--------+----------+-------------------------------------------------------------------------------------+
; Port          ; Type   ; Severity ; Details                                                                             ;
+---------------+--------+----------+-------------------------------------------------------------------------------------+
; datain[7..5]  ; Input  ; Info     ; Stuck at GND                                                                        ;
; dataout[7..4] ; Output ; Info     ; Connected to dangling logic. Logic that only feeds a dangling port will be removed. ;
+---------------+--------+----------+-------------------------------------------------------------------------------------+


+-----------------------------------------------------+
; Post-Synthesis Netlist Statistics for Top Partition ;
+-----------------------+-----------------------------+
; Type                  ; Count                       ;
+-----------------------+-----------------------------+
; boundary_port         ; 65                          ;
; cycloneiii_ff         ; 128                         ;
;     ENA               ; 88                          ;
;     ENA SCLR          ; 26                          ;
;     SLD               ; 8                           ;
;     plain             ; 6                           ;
; cycloneiii_lcell_comb ; 357                         ;
;     arith             ; 39                          ;
;         2 data inputs ; 32                          ;
;         3 data inputs ; 7                           ;
;     normal            ; 318                         ;
;         0 data inputs ; 1                           ;
;         1 data inputs ; 9                           ;
;         2 data inputs ; 19                          ;
;         3 data inputs ; 30                          ;
;         4 data inputs ; 259                         ;
;                       ;                             ;
; Max LUT depth         ; 10.70                       ;
; Average LUT depth     ; 6.29                        ;
+-----------------------+-----------------------------+


+-------------------------------+
; Elapsed Time Per Partition    ;
+----------------+--------------+
; Partition Name ; Elapsed Time ;
+----------------+--------------+
; Top            ; 00:00:02     ;
+----------------+--------------+


+-------------------------------+
; Analysis & Synthesis Messages ;
+-------------------------------+
Info: *******************************************************************
Info: Running Quartus Prime Analysis & Synthesis
    Info: Version 17.1.0 Build 590 10/25/2017 SJ Lite Edition
    Info: Processing started: Mon Oct 07 20:22:20 2019
Info: Command: quartus_map --read_settings_files=on --write_settings_files=off projeto_relogio -c projeto_relogio
Info (20032): Parallel compilation is enabled and will use up to 2 processors
Info (12021): Found 2 design units, including 1 entities, in source file relogio.vhd
    Info (12022): Found design unit 1: relogio-relogio_top File: C:/Users/hugoc/Desktop/Insper/descomp/projeto_relogio/relogio.vhd Line: 22
    Info (12023): Found entity 1: relogio File: C:/Users/hugoc/Desktop/Insper/descomp/projeto_relogio/relogio.vhd Line: 8
Info (12021): Found 2 design units, including 1 entities, in source file pc.vhd
    Info (12022): Found design unit 1: PC-pc1 File: C:/Users/hugoc/Desktop/Insper/descomp/projeto_relogio/pc.vhd Line: 20
    Info (12023): Found entity 1: PC File: C:/Users/hugoc/Desktop/Insper/descomp/projeto_relogio/pc.vhd Line: 4
Info (12021): Found 2 design units, including 1 entities, in source file mux3.vhd
    Info (12022): Found design unit 1: mux3-rtl File: C:/Users/hugoc/Desktop/Insper/descomp/projeto_relogio/mux3.vhd Line: 12
    Info (12023): Found entity 1: mux3 File: C:/Users/hugoc/Desktop/Insper/descomp/projeto_relogio/mux3.vhd Line: 3
Info (12021): Found 2 design units, including 1 entities, in source file decodificador.vhd
    Info (12022): Found design unit 1: decodificador-su File: C:/Users/hugoc/Desktop/Insper/descomp/projeto_relogio/decodificador.vhd Line: 25
    Info (12023): Found entity 1: decodificador File: C:/Users/hugoc/Desktop/Insper/descomp/projeto_relogio/decodificador.vhd Line: 5
Info (12021): Found 2 design units, including 1 entities, in source file processador.vhd
    Info (12022): Found design unit 1: processador-description File: C:/Users/hugoc/Desktop/Insper/descomp/projeto_relogio/processador.vhd Line: 31
    Info (12023): Found entity 1: processador File: C:/Users/hugoc/Desktop/Insper/descomp/projeto_relogio/processador.vhd Line: 5
Info (12021): Found 2 design units, including 1 entities, in source file rom.vhd
    Info (12022): Found design unit 1: rom-rtl File: C:/Users/hugoc/Desktop/Insper/descomp/projeto_relogio/rom.vhd Line: 24
    Info (12023): Found entity 1: rom File: C:/Users/hugoc/Desktop/Insper/descomp/projeto_relogio/rom.vhd Line: 8
Info (12021): Found 2 design units, including 1 entities, in source file ula.vhd
    Info (12022): Found design unit 1: ULA-ula1 File: C:/Users/hugoc/Desktop/Insper/descomp/projeto_relogio/ula.vhd Line: 24
    Info (12023): Found entity 1: ULA File: C:/Users/hugoc/Desktop/Insper/descomp/projeto_relogio/ula.vhd Line: 7
Info (12021): Found 2 design units, including 1 entities, in source file divisorgenerico.vhd
    Info (12022): Found design unit 1: divisorGenerico-divInteiro File: C:/Users/hugoc/Desktop/Insper/descomp/projeto_relogio/divisorGenerico.vhd Line: 17
    Info (12023): Found entity 1: divisorGenerico File: C:/Users/hugoc/Desktop/Insper/descomp/projeto_relogio/divisorGenerico.vhd Line: 5
Info (12021): Found 2 design units, including 1 entities, in source file somadorgenerico.vhd
    Info (12022): Found design unit 1: somadorGenerico-comportamento File: C:/Users/hugoc/Desktop/Insper/descomp/projeto_relogio/somadorGenerico.vhd Line: 17
    Info (12023): Found entity 1: somadorGenerico File: C:/Users/hugoc/Desktop/Insper/descomp/projeto_relogio/somadorGenerico.vhd Line: 5
Info (12021): Found 2 design units, including 1 entities, in source file mux2.vhd
    Info (12022): Found design unit 1: mux2-muxSelect File: C:/Users/hugoc/Desktop/Insper/descomp/projeto_relogio/mux2.vhd Line: 26
    Info (12023): Found entity 1: mux2 File: C:/Users/hugoc/Desktop/Insper/descomp/projeto_relogio/mux2.vhd Line: 12
Info (12021): Found 2 design units, including 1 entities, in source file bancoregistradores.vhd
    Info (12022): Found design unit 1: bancoRegistradores-comportamento File: C:/Users/hugoc/Desktop/Insper/descomp/projeto_relogio/bancoRegistradores.vhd Line: 30
    Info (12023): Found entity 1: bancoRegistradores File: C:/Users/hugoc/Desktop/Insper/descomp/projeto_relogio/bancoRegistradores.vhd Line: 6
Info (12021): Found 2 design units, including 1 entities, in source file conversorhex7seg.vhd
    Info (12022): Found design unit 1: conversorHex7Seg-comportamento File: C:/Users/hugoc/Desktop/Insper/descomp/projeto_relogio/conversorHex7Seg.vhd Line: 17
    Info (12023): Found entity 1: conversorHex7Seg File: C:/Users/hugoc/Desktop/Insper/descomp/projeto_relogio/conversorHex7Seg.vhd Line: 4
Info (12021): Found 2 design units, including 1 entities, in source file uc.vhd
    Info (12022): Found design unit 1: uc-description File: C:/Users/hugoc/Desktop/Insper/descomp/projeto_relogio/uc.vhd Line: 14
    Info (12023): Found entity 1: uc File: C:/Users/hugoc/Desktop/Insper/descomp/projeto_relogio/uc.vhd Line: 4
Info (12021): Found 2 design units, including 1 entities, in source file hex7seg_top.vhd
    Info (12022): Found design unit 1: hex7seg_top-hex7seg File: C:/Users/hugoc/Desktop/Insper/descomp/projeto_relogio/hex7seg_top.vhd Line: 12
    Info (12023): Found entity 1: hex7seg_top File: C:/Users/hugoc/Desktop/Insper/descomp/projeto_relogio/hex7seg_top.vhd Line: 4
Info (12021): Found 2 design units, including 1 entities, in source file botoes.vhd
    Info (12022): Found design unit 1: botoes-comportamento File: C:/Users/hugoc/Desktop/Insper/descomp/projeto_relogio/botoes.vhd Line: 16
    Info (12023): Found entity 1: botoes File: C:/Users/hugoc/Desktop/Insper/descomp/projeto_relogio/botoes.vhd Line: 4
Info (12021): Found 2 design units, including 1 entities, in source file reg4.vhd
    Info (12022): Found design unit 1: reg4-reg4_1 File: C:/Users/hugoc/Desktop/Insper/descomp/projeto_relogio/reg4.vhd Line: 22
    Info (12023): Found entity 1: reg4 File: C:/Users/hugoc/Desktop/Insper/descomp/projeto_relogio/reg4.vhd Line: 6
Info (12127): Elaborating entity "relogio" for the top level hierarchy
Info (12128): Elaborating entity "processador" for hierarchy "processador:processador" File: C:/Users/hugoc/Desktop/Insper/descomp/projeto_relogio/relogio.vhd Line: 33
Info (12128): Elaborating entity "uc" for hierarchy "processador:processador|uc:uc" File: C:/Users/hugoc/Desktop/Insper/descomp/projeto_relogio/processador.vhd Line: 40
Info (12128): Elaborating entity "ULA" for hierarchy "processador:processador|ULA:ula" File: C:/Users/hugoc/Desktop/Insper/descomp/projeto_relogio/processador.vhd Line: 52
Info (12128): Elaborating entity "mux2" for hierarchy "processador:processador|mux2:mux2" File: C:/Users/hugoc/Desktop/Insper/descomp/projeto_relogio/processador.vhd Line: 62
Info (12128): Elaborating entity "somadorGenerico" for hierarchy "processador:processador|somadorGenerico:somadorGenerico" File: C:/Users/hugoc/Desktop/Insper/descomp/projeto_relogio/processador.vhd Line: 71
Info (12128): Elaborating entity "mux3" for hierarchy "processador:processador|mux3:mux3" File: C:/Users/hugoc/Desktop/Insper/descomp/projeto_relogio/processador.vhd Line: 77
Info (12128): Elaborating entity "bancoRegistradores" for hierarchy "processador:processador|bancoRegistradores:bancoRegistradores" File: C:/Users/hugoc/Desktop/Insper/descomp/projeto_relogio/processador.vhd Line: 93
Info (12128): Elaborating entity "PC" for hierarchy "processador:processador|PC:pc" File: C:/Users/hugoc/Desktop/Insper/descomp/projeto_relogio/processador.vhd Line: 105
Info (12128): Elaborating entity "rom" for hierarchy "rom:rom" File: C:/Users/hugoc/Desktop/Insper/descomp/projeto_relogio/relogio.vhd Line: 44
Info (12128): Elaborating entity "decodificador" for hierarchy "decodificador:decoficador" File: C:/Users/hugoc/Desktop/Insper/descomp/projeto_relogio/relogio.vhd Line: 50
Info (12128): Elaborating entity "hex7seg_top" for hierarchy "hex7seg_top:hex7seg" File: C:/Users/hugoc/Desktop/Insper/descomp/projeto_relogio/relogio.vhd Line: 64
Info (12128): Elaborating entity "reg4" for hierarchy "hex7seg_top:hex7seg|reg4:reg0" File: C:/Users/hugoc/Desktop/Insper/descomp/projeto_relogio/hex7seg_top.vhd Line: 18
Info (12128): Elaborating entity "conversorHex7Seg" for hierarchy "hex7seg_top:hex7seg|conversorHex7Seg:display0" File: C:/Users/hugoc/Desktop/Insper/descomp/projeto_relogio/hex7seg_top.vhd Line: 30
Info (12128): Elaborating entity "botoes" for hierarchy "botoes:botoes" File: C:/Users/hugoc/Desktop/Insper/descomp/projeto_relogio/relogio.vhd Line: 87
Info (12128): Elaborating entity "divisorGenerico" for hierarchy "divisorGenerico:base_tempo" File: C:/Users/hugoc/Desktop/Insper/descomp/projeto_relogio/relogio.vhd Line: 95
Info (276014): Found 1 instances of uninferred RAM logic
    Info (276004): RAM logic "processador:processador|bancoRegistradores:bancoRegistradores|registrador" is uninferred due to inappropriate RAM size File: C:/Users/hugoc/Desktop/Insper/descomp/projeto_relogio/bancoRegistradores.vhd Line: 36
Info (286030): Timing-Driven Synthesis is running
Info (16010): Generating hard_block partition "hard_block:auto_generated_inst"
    Info (16011): Adding 0 node(s), including 0 DDIO, 0 PLL, 0 transceiver and 0 LCELL
Warning (21074): Design contains 18 input pin(s) that do not drive logic
    Warning (15610): No output dependent on input pin "SW[0]" File: C:/Users/hugoc/Desktop/Insper/descomp/projeto_relogio/relogio.vhd Line: 15
    Warning (15610): No output dependent on input pin "SW[1]" File: C:/Users/hugoc/Desktop/Insper/descomp/projeto_relogio/relogio.vhd Line: 15
    Warning (15610): No output dependent on input pin "SW[2]" File: C:/Users/hugoc/Desktop/Insper/descomp/projeto_relogio/relogio.vhd Line: 15
    Warning (15610): No output dependent on input pin "SW[3]" File: C:/Users/hugoc/Desktop/Insper/descomp/projeto_relogio/relogio.vhd Line: 15
    Warning (15610): No output dependent on input pin "SW[4]" File: C:/Users/hugoc/Desktop/Insper/descomp/projeto_relogio/relogio.vhd Line: 15
    Warning (15610): No output dependent on input pin "SW[5]" File: C:/Users/hugoc/Desktop/Insper/descomp/projeto_relogio/relogio.vhd Line: 15
    Warning (15610): No output dependent on input pin "SW[6]" File: C:/Users/hugoc/Desktop/Insper/descomp/projeto_relogio/relogio.vhd Line: 15
    Warning (15610): No output dependent on input pin "SW[7]" File: C:/Users/hugoc/Desktop/Insper/descomp/projeto_relogio/relogio.vhd Line: 15
    Warning (15610): No output dependent on input pin "SW[8]" File: C:/Users/hugoc/Desktop/Insper/descomp/projeto_relogio/relogio.vhd Line: 15
    Warning (15610): No output dependent on input pin "SW[9]" File: C:/Users/hugoc/Desktop/Insper/descomp/projeto_relogio/relogio.vhd Line: 15
    Warning (15610): No output dependent on input pin "SW[10]" File: C:/Users/hugoc/Desktop/Insper/descomp/projeto_relogio/relogio.vhd Line: 15
    Warning (15610): No output dependent on input pin "SW[11]" File: C:/Users/hugoc/Desktop/Insper/descomp/projeto_relogio/relogio.vhd Line: 15
    Warning (15610): No output dependent on input pin "SW[12]" File: C:/Users/hugoc/Desktop/Insper/descomp/projeto_relogio/relogio.vhd Line: 15
    Warning (15610): No output dependent on input pin "SW[13]" File: C:/Users/hugoc/Desktop/Insper/descomp/projeto_relogio/relogio.vhd Line: 15
    Warning (15610): No output dependent on input pin "SW[14]" File: C:/Users/hugoc/Desktop/Insper/descomp/projeto_relogio/relogio.vhd Line: 15
    Warning (15610): No output dependent on input pin "SW[15]" File: C:/Users/hugoc/Desktop/Insper/descomp/projeto_relogio/relogio.vhd Line: 15
    Warning (15610): No output dependent on input pin "SW[16]" File: C:/Users/hugoc/Desktop/Insper/descomp/projeto_relogio/relogio.vhd Line: 15
    Warning (15610): No output dependent on input pin "SW[17]" File: C:/Users/hugoc/Desktop/Insper/descomp/projeto_relogio/relogio.vhd Line: 15
Info (21057): Implemented 509 device resources after synthesis - the final resource count might be different
    Info (21058): Implemented 23 input pins
    Info (21059): Implemented 42 output pins
    Info (21061): Implemented 444 logic cells
Info: Quartus Prime Analysis & Synthesis was successful. 0 errors, 19 warnings
    Info: Peak virtual memory: 4800 megabytes
    Info: Processing ended: Mon Oct 07 20:22:36 2019
    Info: Elapsed time: 00:00:16
    Info: Total CPU time (on all processors): 00:00:33


